../Core/Src/UI/settings.c:26:10:clamp	24	static
../Core/Src/UI/settings.c:33:6:setCounterBounds	16	static
../Core/Src/UI/settings.c:38:13:getDeviceState	4	static
../Core/Src/UI/settings.c:42:6:setDeviceState	16	static
../Core/Src/UI/settings.c:46:10:getCounter	8	static
../Core/Src/UI/settings.c:50:6:setCounter	16	static
../Core/Src/UI/settings.c:62:10:getSelected	4	static
../Core/Src/UI/settings.c:66:18:getTime	4	static
../Core/Src/UI/settings.c:70:18:getDate	16	static
../Core/Src/UI/settings.c:83:6:setColor	16	static
../Core/Src/UI/settings.c:87:10:getColor	16	static
../Core/Src/UI/settings.c:91:10:getDateState	4	static
../Core/Src/UI/settings.c:95:6:setDateState	16	static
../Core/Src/UI/settings.c:99:9:getBrightness	4	static
../Core/Src/UI/settings.c:103:6:setBrightness	16	static
../Core/Src/UI/settings.c:107:6:setMode	16	static
../Core/Src/UI/settings.c:111:6:getMode	4	static
../Core/Src/UI/settings.c:115:7:getDisplayString	4	static
../Core/Src/UI/settings.c:119:6:setDisplayString	16	static
