../Core/Src/UI/settings.c:30:10:clamp	24	static
../Core/Src/UI/settings.c:39:6:setCounterBounds	16	static
../Core/Src/UI/settings.c:44:13:getDeviceState	4	static
../Core/Src/UI/settings.c:48:6:setDeviceState	16	static
../Core/Src/UI/settings.c:52:10:getCounter	8	static
../Core/Src/UI/settings.c:57:10:getCounterWithinBounds	16	static
../Core/Src/UI/settings.c:64:6:setCounter	24	static
../Core/Src/UI/settings.c:69:10:getSelected	4	static
../Core/Src/UI/settings.c:73:18:getTime	4	static
../Core/Src/UI/settings.c:77:18:getDate	16	static
../Core/Src/UI/settings.c:90:6:setColor	16	static
../Core/Src/UI/settings.c:94:10:getColor	16	static
../Core/Src/UI/settings.c:98:10:getDateState	4	static
../Core/Src/UI/settings.c:102:6:setDateState	16	static
../Core/Src/UI/settings.c:106:9:getBrightness	4	static
../Core/Src/UI/settings.c:110:6:setMode	16	static
../Core/Src/UI/settings.c:114:6:getMode	4	static
../Core/Src/UI/settings.c:118:7:getDisplayString	4	static
../Core/Src/UI/settings.c:122:6:setDisplayString	16	static
../Core/Src/UI/settings.c:129:6:setColorWithPreset	176	static
../Core/Src/UI/settings.c:239:6:setBrightness	176	static
