../Core/Src/UI/settings.c:32:10:clamp	24	static
../Core/Src/UI/settings.c:40:6:setCounterBounds	16	static
../Core/Src/UI/settings.c:45:13:getDeviceState	4	static
../Core/Src/UI/settings.c:49:6:setDeviceState	16	static
../Core/Src/UI/settings.c:53:10:getCounter	8	static
../Core/Src/UI/settings.c:58:10:getCounterWithinBounds	16	static
../Core/Src/UI/settings.c:65:6:setCounter	24	static
../Core/Src/UI/settings.c:71:10:getSelected	4	static
../Core/Src/UI/settings.c:75:18:getTime	4	static
../Core/Src/UI/settings.c:79:18:getDate	16	static
../Core/Src/UI/settings.c:92:6:setDate	16	static
../Core/Src/UI/settings.c:110:6:setColor	16	static
../Core/Src/UI/settings.c:114:10:getColor	280	static
../Core/Src/UI/settings.c:145:10:getDateState	4	static
../Core/Src/UI/settings.c:149:6:setDateState	16	static
../Core/Src/UI/settings.c:153:9:getBrightnessAsPercent	4	static
../Core/Src/UI/settings.c:157:9:getBrightness	4	static
../Core/Src/UI/settings.c:161:6:setMode	16	static
../Core/Src/UI/settings.c:165:6:getMode	4	static
../Core/Src/UI/settings.c:169:7:getDisplayString	4	static
../Core/Src/UI/settings.c:173:6:setDisplayString	16	static
../Core/Src/UI/settings.c:180:9:getColorPreset	4	static
../Core/Src/UI/settings.c:184:6:setColorWithPreset	24	static
../Core/Src/UI/settings.c:203:6:setBrightnessAsPercent	16	static
../Core/Src/UI/settings.c:207:6:isAnniversarySet	4	static
../Core/Src/UI/settings.c:211:6:isBirthdaySet	4	static
../Core/Src/UI/settings.c:215:6:deleteAnniversary	16	static
../Core/Src/UI/settings.c:220:6:deleteBirthday	16	static
