../Core/Src/UI/settings.c:33:10:clamp	24	static
../Core/Src/UI/settings.c:41:6:setCounterBounds	16	static
../Core/Src/UI/settings.c:46:13:getDeviceState	4	static
../Core/Src/UI/settings.c:50:6:setDeviceState	16	static
../Core/Src/UI/settings.c:54:10:getCounter	8	static
../Core/Src/UI/settings.c:59:10:getCounterWithinBounds	16	static
../Core/Src/UI/settings.c:66:10:getLastUserInput	4	static
../Core/Src/UI/settings.c:70:6:setLastUserInput	16	static
../Core/Src/UI/settings.c:74:6:setCounter	24	static
../Core/Src/UI/settings.c:83:10:getSelected	4	static
../Core/Src/UI/settings.c:87:18:getTime	4	static
../Core/Src/UI/settings.c:91:18:getDate	16	static
../Core/Src/UI/settings.c:104:6:setDate	16	static
../Core/Src/UI/settings.c:122:6:setColor	16	static
../Core/Src/UI/settings.c:126:10:getColor	280	static
../Core/Src/UI/settings.c:157:10:getDateState	4	static
../Core/Src/UI/settings.c:161:6:setDateState	16	static
../Core/Src/UI/settings.c:165:9:getBrightnessAsPercent	4	static
../Core/Src/UI/settings.c:169:9:getBrightness	4	static
../Core/Src/UI/settings.c:173:6:setMode	16	static
../Core/Src/UI/settings.c:177:6:getMode	4	static
../Core/Src/UI/settings.c:181:7:getDisplayString	4	static
../Core/Src/UI/settings.c:185:6:setDisplayString	16	static
../Core/Src/UI/settings.c:192:9:getColorPreset	4	static
../Core/Src/UI/settings.c:196:6:setColorWithPreset	24	static
../Core/Src/UI/settings.c:215:6:setBrightnessAsPercent	16	static
../Core/Src/UI/settings.c:219:6:isAnniversarySet	4	static
../Core/Src/UI/settings.c:223:6:isBirthdaySet	4	static
../Core/Src/UI/settings.c:227:6:deleteAnniversary	16	static
../Core/Src/UI/settings.c:232:6:deleteBirthday	16	static
