../Core/Src/UI/settings.c:28:10:clamp	24	static
../Core/Src/UI/settings.c:37:6:setCounterBounds	16	static
../Core/Src/UI/settings.c:42:13:getDeviceState	4	static
../Core/Src/UI/settings.c:46:6:setDeviceState	16	static
../Core/Src/UI/settings.c:50:10:getCounter	8	static
../Core/Src/UI/settings.c:54:10:getCounterWithinBounds	16	static
../Core/Src/UI/settings.c:60:6:setCounter	24	static
../Core/Src/UI/settings.c:65:10:getSelected	4	static
../Core/Src/UI/settings.c:69:18:getTime	4	static
../Core/Src/UI/settings.c:73:18:getDate	16	static
../Core/Src/UI/settings.c:86:6:setColor	16	static
../Core/Src/UI/settings.c:90:10:getColor	16	static
../Core/Src/UI/settings.c:94:10:getDateState	4	static
../Core/Src/UI/settings.c:98:6:setDateState	16	static
../Core/Src/UI/settings.c:102:9:getBrightness	4	static
../Core/Src/UI/settings.c:106:6:setBrightness	16	static
../Core/Src/UI/settings.c:110:6:setMode	16	static
../Core/Src/UI/settings.c:114:6:getMode	4	static
../Core/Src/UI/settings.c:118:7:getDisplayString	4	static
../Core/Src/UI/settings.c:122:6:setDisplayString	16	static
