../Core/Src/effects.c:41:6:addBitmapToFrame	40	static
../Core/Src/effects.c:63:6:shuffle	32	static
../Core/Src/effects.c:74:5:randomInRange	16	static
../Core/Src/effects.c:78:6:wipeFrame	24	static
../Core/Src/effects.c:87:6:advanceFrame	8	static
../Core/Src/effects.c:104:9:getLit	32	static
../Core/Src/effects.c:122:6:flickerOutEffectStateMachine	16	static
../Core/Src/effects.c:170:6:flickerInEffectStateMachine	16	static
../Core/Src/effects.c:229:6:setAnniversary	32	static
../Core/Src/effects.c:248:6:display_time	24	static
../Core/Src/effects.c:331:10:HsvToRgb	32	static
../Core/Src/effects.c:376:10:RgbToHsv	32	static
