../Core/Src/main.c:96:6:switchState	8	static
../Core/Src/main.c:130:6:checkButtonPress	16	static
../Core/Src/main.c:185:12:clampValue	24	static
../Core/Src/main.c:153:5:main	24	static
../Core/Src/main.c:277:6:SystemClock_Config	88	static
../Core/Src/main.c:325:13:MX_RTC_Init	32	static
../Core/Src/main.c:388:13:MX_TIM1_Init	96	static
../Core/Src/main.c:463:13:MX_TIM3_Init	56	static
../Core/Src/main.c:510:13:MX_DMA_Init	16	static
../Core/Src/main.c:528:13:MX_GPIO_Init	48	static
../Core/Src/main.c:583:6:Error_Handler	4	static,ignoring_inline_asm
