../Core/Src/main.c:119:6:Blink_LED	16	static
../Core/Src/main.c:141:10:clampValue	24	static
../Core/Src/main.c:154:6:switchState	16	static
../Core/Src/main.c:240:6:checkButtonPress	16	static
../Core/Src/main.c:262:6:SetHours	8	static
../Core/Src/main.c:269:6:SetMinutes	8	static
../Core/Src/main.c:275:9:SetMonth	16	static
../Core/Src/main.c:282:9:SetDay	16	static
../Core/Src/main.c:290:9:SetYear	16	static
../Core/Src/main.c:297:6:SetColor	8	static
../Core/Src/main.c:305:6:SetBrightness	8	static
../Core/Src/main.c:311:6:Select	8	static
../Core/Src/main.c:316:6:Wake	8	static
../Core/Src/main.c:329:5:main	24	static
../Core/Src/main.c:462:6:SystemClock_Config	88	static
../Core/Src/main.c:509:13:MX_RTC_Init	32	static
../Core/Src/main.c:572:13:MX_TIM1_Init	96	static
../Core/Src/main.c:647:13:MX_TIM3_Init	56	static
../Core/Src/main.c:694:13:MX_DMA_Init	16	static
../Core/Src/main.c:712:13:MX_GPIO_Init	48	static
../Core/Src/main.c:771:6:Error_Handler	4	static,ignoring_inline_asm
