../Core/Src/Drivers/WS2812B.c:21:6:turnOnLED	16	static
../Core/Src/Drivers/WS2812B.c:30:6:turnOffLED	16	static
../Core/Src/Drivers/WS2812B.c:34:6:toggleLED	16	static
../Core/Src/Drivers/WS2812B.c:38:6:isLEDOn	16	static
../Core/Src/Drivers/WS2812B.c:59:9:getLEDsWithEffect	32	static
../Core/Src/Drivers/WS2812B.c:73:6:removeLED	16	static
../Core/Src/Drivers/WS2812B.c:88:6:wipePWMBuffer	16	static
../Core/Src/Drivers/WS2812B.c:109:6:updatePwmBuffer	32	static
../Core/Src/Drivers/WS2812B.c:145:6:DMA_Send	8	static
../Core/Src/Drivers/WS2812B.c:154:6:HAL_TIM_PWM_PulseFinishedCallback	16	static
