../Core/Src/Drivers/ws2812b.c:21:6:turnOnLED	16	static
../Core/Src/Drivers/ws2812b.c:30:6:turnOffLED	16	static
../Core/Src/Drivers/ws2812b.c:34:6:toggleLED	16	static
../Core/Src/Drivers/ws2812b.c:38:6:isLEDOn	16	static
../Core/Src/Drivers/ws2812b.c:59:9:getLEDsWithEffect	32	static
../Core/Src/Drivers/ws2812b.c:73:6:removeLED	16	static
../Core/Src/Drivers/ws2812b.c:88:6:wipePWMBuffer	16	static
../Core/Src/Drivers/ws2812b.c:105:6:updatePwmBuffer	32	static
../Core/Src/Drivers/ws2812b.c:141:6:DMA_Send	8	static
../Core/Src/Drivers/ws2812b.c:149:6:HAL_TIM_PWM_PulseFinishedCallback	16	static
