../Drivers/WS2812B/WS2812B.c:37:6:addBitmapToNextFrame	32	static
../Drivers/WS2812B/WS2812B.c:71:6:addBitmapToCurrentFrame	32	static
../Drivers/WS2812B/WS2812B.c:104:9:getLitCurrentFrame	24	static
../Drivers/WS2812B/WS2812B.c:118:9:getLitNextFrame	24	static
../Drivers/WS2812B/WS2812B.c:132:9:getLitFromNextFrame	24	static
../Drivers/WS2812B/WS2812B.c:152:6:turnOnLED	16	static
../Drivers/WS2812B/WS2812B.c:161:6:turnOffLED	16	static
../Drivers/WS2812B/WS2812B.c:177:6:shuffle	32	static
../Drivers/WS2812B/WS2812B.c:188:5:randomInRange	16	static
../Drivers/WS2812B/WS2812B.c:192:6:wipeCurrentFrame	16	static
../Drivers/WS2812B/WS2812B.c:200:6:wipeNextFrame	16	static
../Drivers/WS2812B/WS2812B.c:208:6:advanceFrame	8	static
../Drivers/WS2812B/WS2812B.c:213:6:flickerOutEffect	160	static
../Drivers/WS2812B/WS2812B.c:247:6:flickerInEffect	160	static
../Drivers/WS2812B/WS2812B.c:280:6:wipePWMBuffer	16	static
../Drivers/WS2812B/WS2812B.c:299:6:updatePwmBuffer	24	static
../Drivers/WS2812B/WS2812B.c:335:6:DMA_Send	8	static
../Drivers/WS2812B/WS2812B.c:344:6:HAL_TIM_PWM_PulseFinishedCallback	16	static
